Last login: Tue Jun  7 15:40:59 on ttys000
ken@MacBook-Pro ~ % sudo gem install cocoapods
Password:
Fetching concurrent-ruby-1.1.10.gem
Fetching i18n-1.10.0.gem
Fetching tzinfo-2.0.4.gem
Fetching zeitwerk-2.5.4.gem
Fetching activesupport-6.1.6.gem
Fetching nap-1.1.0.gem
Fetching fuzzy_match-2.0.4.gem
Fetching httpclient-2.8.3.gem
Fetching ffi-1.15.5.gem
Fetching algoliasearch-1.27.5.gem
Fetching typhoeus-1.4.0.gem
Fetching netrc-0.11.0.gem
Fetching public_suffix-4.0.7.gem
Fetching addressable-2.8.0.gem
Fetching cocoapods-core-1.11.3.gem
Fetching ethon-0.15.0.gem
Fetching claide-1.1.0.gem
Fetching cocoapods-deintegrate-1.0.5.gem
Fetching cocoapods-downloader-1.6.3.gem
Fetching cocoapods-plugins-1.0.0.gem
Fetching cocoapods-search-1.0.1.gem
Fetching cocoapods-trunk-1.6.0.gem
Fetching cocoapods-try-1.2.0.gem
Fetching molinillo-0.8.0.gem
Fetching atomos-0.1.3.gem
Fetching colored2-3.1.2.gem
Fetching nanaimo-0.3.0.gem
Fetching rexml-3.2.5.gem
Fetching xcodeproj-1.21.0.gem
Fetching escape-0.0.4.gem
Fetching fourflusher-2.3.1.gem
Fetching gh_inspector-1.1.3.gem
Fetching ruby-macho-2.5.1.gem
Fetching cocoapods-1.11.3.gem
Successfully installed concurrent-ruby-1.1.10
Successfully installed i18n-1.10.0
Successfully installed tzinfo-2.0.4
Successfully installed zeitwerk-2.5.4
Successfully installed activesupport-6.1.6
Successfully installed nap-1.1.0
Successfully installed fuzzy_match-2.0.4
Successfully installed httpclient-2.8.3
A new major version is available for Algolia! Please now use the https://rubygems.org/gems/algolia gem to get the latest features.
Successfully installed algoliasearch-1.27.5
Building native extensions. This could take a while...
Successfully installed ffi-1.15.5
Successfully installed ethon-0.15.0
Successfully installed typhoeus-1.4.0
Successfully installed netrc-0.11.0
Successfully installed public_suffix-4.0.7
Successfully installed addressable-2.8.0
Successfully installed cocoapods-core-1.11.3
Successfully installed claide-1.1.0
Successfully installed cocoapods-deintegrate-1.0.5
Successfully installed cocoapods-downloader-1.6.3
Successfully installed cocoapods-plugins-1.0.0
Successfully installed cocoapods-search-1.0.1
Successfully installed cocoapods-trunk-1.6.0
Successfully installed cocoapods-try-1.2.0
Successfully installed molinillo-0.8.0
Successfully installed atomos-0.1.3
Successfully installed colored2-3.1.2
Successfully installed nanaimo-0.3.0
Successfully installed rexml-3.2.5
Successfully installed xcodeproj-1.21.0
Successfully installed escape-0.0.4
Successfully installed fourflusher-2.3.1
Successfully installed gh_inspector-1.1.3
Successfully installed ruby-macho-2.5.1
Successfully installed cocoapods-1.11.3
Parsing documentation for concurrent-ruby-1.1.10
Installing ri documentation for concurrent-ruby-1.1.10
Parsing documentation for i18n-1.10.0
Installing ri documentation for i18n-1.10.0
Parsing documentation for tzinfo-2.0.4
Installing ri documentation for tzinfo-2.0.4
Parsing documentation for zeitwerk-2.5.4
Installing ri documentation for zeitwerk-2.5.4
Parsing documentation for activesupport-6.1.6
Installing ri documentation for activesupport-6.1.6
Parsing documentation for nap-1.1.0
Installing ri documentation for nap-1.1.0
Parsing documentation for fuzzy_match-2.0.4
Installing ri documentation for fuzzy_match-2.0.4
Parsing documentation for httpclient-2.8.3
Installing ri documentation for httpclient-2.8.3
Parsing documentation for algoliasearch-1.27.5
Installing ri documentation for algoliasearch-1.27.5
Parsing documentation for ffi-1.15.5
Installing ri documentation for ffi-1.15.5
Parsing documentation for ethon-0.15.0
Installing ri documentation for ethon-0.15.0
Parsing documentation for typhoeus-1.4.0
Installing ri documentation for typhoeus-1.4.0
Parsing documentation for netrc-0.11.0
Installing ri documentation for netrc-0.11.0
Parsing documentation for public_suffix-4.0.7
Installing ri documentation for public_suffix-4.0.7
Parsing documentation for addressable-2.8.0
Installing ri documentation for addressable-2.8.0
Parsing documentation for cocoapods-core-1.11.3
Installing ri documentation for cocoapods-core-1.11.3
Parsing documentation for claide-1.1.0
Installing ri documentation for claide-1.1.0
Parsing documentation for cocoapods-deintegrate-1.0.5
Installing ri documentation for cocoapods-deintegrate-1.0.5
Parsing documentation for cocoapods-downloader-1.6.3
Installing ri documentation for cocoapods-downloader-1.6.3
Parsing documentation for cocoapods-plugins-1.0.0
Installing ri documentation for cocoapods-plugins-1.0.0
Parsing documentation for cocoapods-search-1.0.1
Installing ri documentation for cocoapods-search-1.0.1
Parsing documentation for cocoapods-trunk-1.6.0
Installing ri documentation for cocoapods-trunk-1.6.0
Parsing documentation for cocoapods-try-1.2.0
Installing ri documentation for cocoapods-try-1.2.0
Parsing documentation for molinillo-0.8.0
Installing ri documentation for molinillo-0.8.0
Parsing documentation for atomos-0.1.3
Installing ri documentation for atomos-0.1.3
Parsing documentation for colored2-3.1.2
Installing ri documentation for colored2-3.1.2
Parsing documentation for nanaimo-0.3.0
Installing ri documentation for nanaimo-0.3.0
Parsing documentation for rexml-3.2.5
Installing ri documentation for rexml-3.2.5
Parsing documentation for xcodeproj-1.21.0
Installing ri documentation for xcodeproj-1.21.0
Parsing documentation for escape-0.0.4
Installing ri documentation for escape-0.0.4
Parsing documentation for fourflusher-2.3.1
Installing ri documentation for fourflusher-2.3.1
Parsing documentation for gh_inspector-1.1.3
Installing ri documentation for gh_inspector-1.1.3
Parsing documentation for ruby-macho-2.5.1
Installing ri documentation for ruby-macho-2.5.1
Parsing documentation for cocoapods-1.11.3
Installing ri documentation for cocoapods-1.11.3
Done installing documentation for concurrent-ruby, i18n, tzinfo, zeitwerk, activesupport, nap, fuzzy_match, httpclient, algoliasearch, ffi, ethon, typhoeus, netrc, public_suffix, addressable, cocoapods-core, claide, cocoapods-deintegrate, cocoapods-downloader, cocoapods-plugins, cocoapods-search, cocoapods-trunk, cocoapods-try, molinillo, atomos, colored2, nanaimo, rexml, xcodeproj, escape, fourflusher, gh_inspector, ruby-macho, cocoapods after 52 seconds
34 gems installed
ken@Kens-MBP ~ % ls
Desktop		Downloads	Movies		Pictures	development
Documents	Library		Music		Public
ken@Kens-MBP ~ % mkdir ~/.ssh
ken@Kens-MBP ~ % ls
Desktop		Downloads	Movies		Pictures	development
Documents	Library		Music		Public
ken@Kens-MBP ~ % cd Documents
ken@Kens-MBP Documents % ls
Projects
ken@Kens-MBP Documents % cd Projects
ken@Kens-MBP Projects % ls
android_keys	lessimp
ken@Kens-MBP Projects % cd lessimp
ken@Kens-MBP lessimp % ls
LICENSE			assets			lib
README.md		build			pubspec.lock
analysis_options.yaml	ios			pubspec.yaml
android			lessimp.iml
ken@Kens-MBP lessimp % cd android
ken@Kens-MBP android % ls
Gemfile				gradlew.bat
__MACOSX			key_files.zip
app				key_files.zip.gpg
build.gradle			lessimp_android.iml
fastlane			local.properties
gradle				service_account_key.json
gradle.properties		settings.gradle
gradlew				upload_certificate.pem
ken@Kens-MBP android % ls Gemfile   
Gemfile
ken@Kens-MBP android % bundle init
Writing new Gemfile to /Users/ken/Documents/Projects/lessimp/android/Gemfile
ken@Kens-MBP android % ls
Gemfile				gradlew.bat
__MACOSX			key_files.zip
app				key_files.zip.gpg
build.gradle			lessimp_android.iml
fastlane			local.properties
gradle				service_account_key.json
gradle.properties		settings.gradle
gradlew				upload_certificate.pem
ken@Kens-MBP android % cd fastlane
ken@Kens-MBP fastlane % fastlane install_plugins
zsh: command not found: fastlane
ken@Kens-MBP fastlane % ls
Appfile		Fastfile	README.md	Scanfile	report.xml
ken@Kens-MBP fastlane % cd ..
ken@Kens-MBP android % fastlane init
zsh: command not found: fastlane
ken@Kens-MBP android % ruby --version
ruby 2.6.8p205 (2021-07-07 revision 67951) [universal.x86_64-darwin21]
ken@Kens-MBP android % gem install bundler
Fetching bundler-2.3.15.gem
ERROR:  While executing gem ... (Gem::FilePermissionError)
    You don't have write permissions for the /Library/Ruby/Gems/2.6.0 directory.
ken@Kens-MBP android % sudo gem install bundler
Password:
Fetching bundler-2.3.15.gem
Successfully installed bundler-2.3.15
Parsing documentation for bundler-2.3.15
Installing ri documentation for bundler-2.3.15
Done installing documentation for bundler after 0 seconds
1 gem installed
ken@Kens-MBP android % bundle update
Following files may not be writable, so sudo is needed:
  /Library/Ruby/Gems/2.6.0
  /Library/Ruby/Gems/2.6.0/build_info
  /Library/Ruby/Gems/2.6.0/cache
  /Library/Ruby/Gems/2.6.0/doc
  /Library/Ruby/Gems/2.6.0/extensions
  /Library/Ruby/Gems/2.6.0/gems
  /Library/Ruby/Gems/2.6.0/specifications
  /usr/local/bin
Fetching https://github.com/tianhaoz95/fastlane-plugin-flutter-version
Fetching gem metadata from https://rubygems.org/........
Resolving dependencies............................
Fetching rake 13.0.6


Your user account isn't allowed to install to the system RubyGems.
  You can cancel this installation and run:

      bundle config set --local path 'vendor/bundle'
      bundle install

  to install the gems into ./vendor/bundle/, or you can enter your password
  and install the bundled gems to RubyGems using sudo.

  Password: 

zsh: suspended  bundle update
ken@Kens-MBP android % bundle config set --local path 'vendor/bundle'
ken@Kens-MBP android % bundle install                                
Fetching https://github.com/tianhaoz95/fastlane-plugin-flutter-version
Fetching gem metadata from https://rubygems.org/........
Resolving dependencies............................
Fetching rake 13.0.6
Installing rake 13.0.6
Fetching public_suffix 4.0.7
Fetching artifactory 3.0.15
Fetching rexml 3.2.5
Fetching atomos 0.1.3
Installing artifactory 3.0.15
Installing atomos 0.1.3
Installing rexml 3.2.5
Installing public_suffix 4.0.7
Fetching aws-eventstream 1.2.0
Installing aws-eventstream 1.2.0
Fetching aws-partitions 1.597.0
Fetching jmespath 1.6.1
Installing aws-partitions 1.597.0
Fetching babosa 1.0.4
Installing jmespath 1.6.1
Using bundler 2.3.15
Fetching claide 1.1.0
Installing babosa 1.0.4
Installing claide 1.1.0
Fetching colored 1.2
Installing colored 1.2
Fetching colored2 3.1.2
Fetching highline 2.0.3
Fetching declarative 0.0.20
Installing colored2 3.1.2
Installing declarative 0.0.20
Fetching digest-crc 0.6.4
Installing highline 2.0.3
Installing digest-crc 0.6.4 with native extensions
Fetching unf_ext 0.0.8.2
Fetching dotenv 2.7.6
Installing dotenv 2.7.6
Installing unf_ext 0.0.8.2 with native extensions
Fetching emoji_regex 3.2.3
Installing emoji_regex 3.2.3
Fetching excon 0.92.3
Installing excon 0.92.3
Fetching faraday-em_http 1.0.0
Installing faraday-em_http 1.0.0
Fetching faraday-em_synchrony 1.0.0
Installing faraday-em_synchrony 1.0.0
Fetching faraday-excon 1.1.0
Fetching faraday-httpclient 1.0.1
Installing faraday-excon 1.1.0
Installing faraday-httpclient 1.0.1
Fetching multipart-post 2.0.0
Fetching faraday-net_http 1.0.1
Installing multipart-post 2.0.0
Installing faraday-net_http 1.0.1
Fetching faraday-net_http_persistent 1.2.0
Installing faraday-net_http_persistent 1.2.0
Fetching faraday-patron 1.0.0
Fetching faraday-rack 1.0.0
Installing faraday-patron 1.0.0
Fetching faraday-retry 1.0.3
Installing faraday-rack 1.0.0
Fetching ruby2_keywords 0.0.5
Installing faraday-retry 1.0.3
Fetching fastimage 2.2.6
Installing ruby2_keywords 0.0.5
Fetching gh_inspector 1.1.3
Installing fastimage 2.2.6
Fetching jwt 2.4.1
Installing gh_inspector 1.1.3
Fetching memoist 0.16.2
Installing jwt 2.4.1
Installing memoist 0.16.2
Fetching multi_json 1.15.0
Fetching os 1.1.4
Installing multi_json 1.15.0
Installing os 1.1.4
Fetching httpclient 2.8.3
Fetching mini_mime 1.1.2
Installing mini_mime 1.1.2
Installing httpclient 2.8.3
Fetching trailblazer-option 0.1.2
Installing trailblazer-option 0.1.2
Fetching uber 0.1.0
Fetching retriable 3.1.2
Installing uber 0.1.0
Installing retriable 3.1.2
Fetching webrick 1.7.0
Fetching google-cloud-errors 1.2.0
Installing google-cloud-errors 1.2.0
Installing webrick 1.7.0
Fetching json 2.6.2
Fetching mini_magick 4.11.0
Installing json 2.6.2 with native extensions
Installing mini_magick 4.11.0
Fetching naturally 2.2.1
Installing naturally 2.2.1
Fetching optparse 0.1.1
Installing optparse 0.1.1
Fetching plist 3.6.0
Installing plist 3.6.0
Fetching rubyzip 2.3.2
Installing rubyzip 2.3.2
Fetching security 0.1.3
Installing security 0.1.3
Fetching terminal-notifier 2.0.0
Installing terminal-notifier 2.0.0
Fetching unicode-display_width 1.8.0
Installing unicode-display_width 1.8.0
Fetching tty-screen 0.8.1
Installing tty-screen 0.8.1
Fetching tty-cursor 0.7.1
Installing tty-cursor 0.7.1
Fetching word_wrap 1.0.0
Installing word_wrap 1.0.0
Fetching nanaimo 0.3.0
Installing nanaimo 0.3.0
Fetching rouge 2.0.7
Installing rouge 2.0.7
Using fastlane-plugin-flutter_version 1.1.15 from https://github.com/tianhaoz95/fastlane-plugin-flutter-version (at master@d9da955)
Fetching aws-sigv4 1.5.0
Installing aws-sigv4 1.5.0
Fetching addressable 2.8.0
Installing addressable 2.8.0
Fetching CFPropertyList 3.0.5
Installing CFPropertyList 3.0.5
Fetching commander 4.6.0
Installing commander 4.6.0
Fetching faraday-multipart 1.0.4
Installing faraday-multipart 1.0.4
Fetching representable 3.2.0
Installing representable 3.2.0
Fetching terminal-table 1.8.0
Installing terminal-table 1.8.0
Fetching tty-spinner 0.9.3
Installing tty-spinner 0.9.3
Fetching xcpretty 0.3.0
Installing xcpretty 0.3.0
Fetching aws-sdk-core 3.131.1
Installing aws-sdk-core 3.131.1
Fetching simctl 1.6.8
Installing simctl 1.6.8
Fetching xcodeproj 1.21.0
Installing xcodeproj 1.21.0
Fetching faraday 1.10.0
Installing faraday 1.10.0
Fetching xcpretty-travis-formatter 1.0.1
Installing xcpretty-travis-formatter 1.0.1
Fetching aws-sdk-kms 1.57.0
Installing aws-sdk-kms 1.57.0
Fetching faraday_middleware 1.2.0
Installing faraday_middleware 1.2.0
Fetching signet 0.16.1
Installing signet 0.16.1
Fetching google-cloud-env 1.6.0
Installing google-cloud-env 1.6.0
Fetching aws-sdk-s3 1.114.0
Installing aws-sdk-s3 1.114.0
Fetching googleauth 1.1.3
Installing googleauth 1.1.3
Fetching google-cloud-core 1.6.0
Installing google-cloud-core 1.6.0
Fetching google-apis-core 0.5.0
Installing google-apis-core 0.5.0
Fetching google-apis-androidpublisher_v3 0.21.0
Installing google-apis-androidpublisher_v3 0.21.0
Fetching google-apis-playcustomapp_v1 0.7.0
Installing google-apis-playcustomapp_v1 0.7.0
Fetching google-apis-iamcredentials_v1 0.10.0
Installing google-apis-iamcredentials_v1 0.10.0
Fetching google-apis-storage_v1 0.14.0
Installing google-apis-storage_v1 0.14.0
Fetching unf 0.1.4
Installing unf 0.1.4
Fetching domain_name 0.5.20190701
Installing domain_name 0.5.20190701
Fetching http-cookie 1.0.5
Installing http-cookie 1.0.5
Fetching faraday-cookie_jar 0.0.7
Installing faraday-cookie_jar 0.0.7
Fetching google-cloud-storage 1.36.2
Installing google-cloud-storage 1.36.2
Fetching fastlane 2.206.2
Installing fastlane 2.206.2
Bundle complete! 2 Gemfile dependencies, 91 gems now installed.
Bundled gems are installed into `./vendor/bundle`
Post-install message from rubyzip:
RubyZip 3.0 is coming!
**********************

The public API of some Rubyzip classes has been modernized to use named
parameters for optional arguments. Please check your usage of the
following classes:
  * `Zip::File`
  * `Zip::Entry`
  * `Zip::InputStream`
  * `Zip::OutputStream`

Please ensure that your Gemfiles and .gemspecs are suitably restrictive
to avoid an unexpected breakage when 3.0 is released (e.g. ~> 2.3.0).
See https://github.com/rubyzip/rubyzip for details. The Changelog also
lists other enhancements and bugfixes that have been implemented since
version 2.3.0.
ken@Kens-MBP android % sudo gem install fastlane
Password:
Fetching rouge-2.0.7.gem
Fetching terminal-notifier-2.0.0.gem
Fetching terminal-table-1.8.0.gem
Fetching plist-3.6.0.gem
Fetching xcpretty-0.3.0.gem
Fetching multipart-post-2.0.0.gem
Fetching unicode-display_width-1.8.0.gem
Fetching word_wrap-1.0.0.gem
Fetching optparse-0.1.1.gem
Fetching tty-screen-0.8.1.gem
Fetching tty-cursor-0.7.1.gem
Fetching tty-spinner-0.9.3.gem
Fetching artifactory-3.0.15.gem
Fetching babosa-1.0.4.gem
Fetching colored-1.2.gem
Fetching highline-2.0.3.gem
Fetching commander-4.6.0.gem
Fetching excon-0.92.3.gem
Fetching unf_ext-0.0.8.2.gem
Fetching unf-0.1.4.gem
Fetching domain_name-0.5.20190701.gem
Fetching http-cookie-1.0.5.gem
Fetching faraday-em_http-1.0.0.gem
Fetching faraday-em_synchrony-1.0.0.gem
Fetching faraday-excon-1.1.0.gem
Fetching faraday-httpclient-1.0.1.gem
Fetching faraday-multipart-1.0.4.gem
Fetching faraday-net_http-1.0.1.gem
Fetching faraday-net_http_persistent-1.2.0.gem
Fetching faraday-patron-1.0.0.gem
Fetching faraday-rack-1.0.0.gem
Fetching faraday-retry-1.0.3.gem
Fetching ruby2_keywords-0.0.5.gem
Fetching faraday-1.10.0.gem
Fetching faraday-cookie_jar-0.0.7.gem
Fetching faraday_middleware-1.2.0.gem
Fetching fastimage-2.2.6.gem
Fetching mini_magick-4.11.0.gem
Fetching naturally-2.2.1.gem
Fetching rubyzip-2.3.2.gem
Fetching security-0.1.3.gem
Fetching xcpretty-travis-formatter-1.0.1.gem
Fetching dotenv-2.7.6.gem
Fetching simctl-1.6.8.gem
Fetching jwt-2.4.1.gem
Fetching uber-0.1.0.gem
Fetching declarative-0.0.20.gem
Fetching trailblazer-option-0.1.2.gem
Fetching representable-3.2.0.gem
Fetching retriable-3.1.2.gem
Fetching mini_mime-1.1.2.gem
Fetching memoist-0.16.2.gem
Fetching multi_json-1.15.0.gem
Fetching os-1.1.4.gem
Fetching signet-0.16.1.gem
Fetching googleauth-1.1.3.gem
Fetching google-apis-storage_v1-0.14.0.gem
Fetching google-apis-playcustomapp_v1-0.7.0.gem
Fetching google-apis-androidpublisher_v3-0.21.0.gem
Fetching google-cloud-errors-1.2.0.gem
Fetching google-cloud-env-1.6.0.gem
Fetching google-cloud-core-1.6.0.gem
Fetching google-apis-iamcredentials_v1-0.10.0.gem
Fetching google-apis-core-0.5.0.gem
Fetching digest-crc-0.6.4.gem
Fetching google-cloud-storage-1.36.2.gem
Fetching emoji_regex-3.2.3.gem
Fetching jmespath-1.6.1.gem
Fetching aws-partitions-1.597.0.gem
Fetching aws-eventstream-1.2.0.gem
Fetching aws-sigv4-1.5.0.gem
Fetching aws-sdk-core-3.131.1.gem
Fetching aws-sdk-kms-1.57.0.gem
Fetching aws-sdk-s3-1.114.0.gem
Fetching fastlane-2.206.2.gem
Successfully installed rouge-2.0.7
Successfully installed xcpretty-0.3.0
Successfully installed terminal-notifier-2.0.0
Successfully installed unicode-display_width-1.8.0
Successfully installed terminal-table-1.8.0
Successfully installed plist-3.6.0
Successfully installed multipart-post-2.0.0
Successfully installed word_wrap-1.0.0
Successfully installed optparse-0.1.1
Successfully installed tty-screen-0.8.1
Successfully installed tty-cursor-0.7.1
Successfully installed tty-spinner-0.9.3
Successfully installed artifactory-3.0.15
Successfully installed babosa-1.0.4
Successfully installed colored-1.2
Successfully installed highline-2.0.3
Successfully installed commander-4.6.0
Successfully installed excon-0.92.3
Building native extensions. This could take a while...
Successfully installed unf_ext-0.0.8.2
Successfully installed unf-0.1.4
Successfully installed domain_name-0.5.20190701
Successfully installed http-cookie-1.0.5
Successfully installed faraday-em_http-1.0.0
Successfully installed faraday-em_synchrony-1.0.0
Successfully installed faraday-excon-1.1.0
Successfully installed faraday-httpclient-1.0.1
Successfully installed faraday-multipart-1.0.4
Successfully installed faraday-net_http-1.0.1
Successfully installed faraday-net_http_persistent-1.2.0
Successfully installed faraday-patron-1.0.0
Successfully installed faraday-rack-1.0.0
Successfully installed faraday-retry-1.0.3
Successfully installed ruby2_keywords-0.0.5
Successfully installed faraday-1.10.0
Successfully installed faraday-cookie_jar-0.0.7
Successfully installed faraday_middleware-1.2.0
Successfully installed fastimage-2.2.6
Successfully installed mini_magick-4.11.0
Successfully installed naturally-2.2.1
RubyZip 3.0 is coming!
**********************

The public API of some Rubyzip classes has been modernized to use named
parameters for optional arguments. Please check your usage of the
following classes:
  * `Zip::File`
  * `Zip::Entry`
  * `Zip::InputStream`
  * `Zip::OutputStream`

Please ensure that your Gemfiles and .gemspecs are suitably restrictive
to avoid an unexpected breakage when 3.0 is released (e.g. ~> 2.3.0).
See https://github.com/rubyzip/rubyzip for details. The Changelog also
lists other enhancements and bugfixes that have been implemented since
version 2.3.0.
Successfully installed rubyzip-2.3.2
Successfully installed security-0.1.3
Successfully installed xcpretty-travis-formatter-1.0.1
Successfully installed dotenv-2.7.6
Successfully installed simctl-1.6.8
Successfully installed jwt-2.4.1
Successfully installed uber-0.1.0
Successfully installed declarative-0.0.20
Successfully installed trailblazer-option-0.1.2
Successfully installed representable-3.2.0
Successfully installed retriable-3.1.2
Successfully installed mini_mime-1.1.2
Successfully installed memoist-0.16.2
Successfully installed multi_json-1.15.0
Successfully installed os-1.1.4
Successfully installed signet-0.16.1
Successfully installed googleauth-1.1.3
Successfully installed google-apis-core-0.5.0
Successfully installed google-apis-playcustomapp_v1-0.7.0
Successfully installed google-apis-androidpublisher_v3-0.21.0
Successfully installed google-cloud-errors-1.2.0
Successfully installed google-cloud-env-1.6.0
Successfully installed google-cloud-core-1.6.0
Successfully installed google-apis-iamcredentials_v1-0.10.0
Successfully installed google-apis-storage_v1-0.14.0
Building native extensions. This could take a while...
Successfully installed digest-crc-0.6.4
Successfully installed google-cloud-storage-1.36.2
Successfully installed emoji_regex-3.2.3
Successfully installed jmespath-1.6.1
Successfully installed aws-partitions-1.597.0
Successfully installed aws-eventstream-1.2.0
Successfully installed aws-sigv4-1.5.0
Successfully installed aws-sdk-core-3.131.1
Successfully installed aws-sdk-kms-1.57.0
Successfully installed aws-sdk-s3-1.114.0
Successfully installed fastlane-2.206.2
Parsing documentation for rouge-2.0.7
Installing ri documentation for rouge-2.0.7
Parsing documentation for xcpretty-0.3.0
Installing ri documentation for xcpretty-0.3.0
Parsing documentation for terminal-notifier-2.0.0
Installing ri documentation for terminal-notifier-2.0.0
Parsing documentation for unicode-display_width-1.8.0
Installing ri documentation for unicode-display_width-1.8.0
Parsing documentation for terminal-table-1.8.0
Installing ri documentation for terminal-table-1.8.0
Parsing documentation for plist-3.6.0
Installing ri documentation for plist-3.6.0
invalid options: -SHN
(invalid options are ignored)
Parsing documentation for multipart-post-2.0.0
Installing ri documentation for multipart-post-2.0.0
Parsing documentation for word_wrap-1.0.0
Installing ri documentation for word_wrap-1.0.0
Parsing documentation for optparse-0.1.1
Installing ri documentation for optparse-0.1.1
Parsing documentation for tty-screen-0.8.1
Installing ri documentation for tty-screen-0.8.1
Parsing documentation for tty-cursor-0.7.1
Installing ri documentation for tty-cursor-0.7.1
Parsing documentation for tty-spinner-0.9.3
Installing ri documentation for tty-spinner-0.9.3
Parsing documentation for artifactory-3.0.15
Installing ri documentation for artifactory-3.0.15
Parsing documentation for babosa-1.0.4
Installing ri documentation for babosa-1.0.4
Parsing documentation for colored-1.2
Installing ri documentation for colored-1.2
Parsing documentation for highline-2.0.3
Installing ri documentation for highline-2.0.3
Parsing documentation for commander-4.6.0
Installing ri documentation for commander-4.6.0
Parsing documentation for excon-0.92.3
Installing ri documentation for excon-0.92.3
Parsing documentation for unf_ext-0.0.8.2
Installing ri documentation for unf_ext-0.0.8.2
Parsing documentation for unf-0.1.4
Installing ri documentation for unf-0.1.4
Parsing documentation for domain_name-0.5.20190701
Installing ri documentation for domain_name-0.5.20190701
Parsing documentation for http-cookie-1.0.5
Installing ri documentation for http-cookie-1.0.5
Parsing documentation for faraday-em_http-1.0.0
Installing ri documentation for faraday-em_http-1.0.0
Parsing documentation for faraday-em_synchrony-1.0.0
Installing ri documentation for faraday-em_synchrony-1.0.0
Parsing documentation for faraday-excon-1.1.0
Installing ri documentation for faraday-excon-1.1.0
Parsing documentation for faraday-httpclient-1.0.1
Installing ri documentation for faraday-httpclient-1.0.1
Parsing documentation for faraday-multipart-1.0.4
Installing ri documentation for faraday-multipart-1.0.4
Parsing documentation for faraday-net_http-1.0.1
Installing ri documentation for faraday-net_http-1.0.1
Parsing documentation for faraday-net_http_persistent-1.2.0
Installing ri documentation for faraday-net_http_persistent-1.2.0
Parsing documentation for faraday-patron-1.0.0
Installing ri documentation for faraday-patron-1.0.0
Parsing documentation for faraday-rack-1.0.0
Installing ri documentation for faraday-rack-1.0.0
Parsing documentation for faraday-retry-1.0.3
Installing ri documentation for faraday-retry-1.0.3
Parsing documentation for ruby2_keywords-0.0.5
Installing ri documentation for ruby2_keywords-0.0.5
Parsing documentation for faraday-1.10.0
Installing ri documentation for faraday-1.10.0
Parsing documentation for faraday-cookie_jar-0.0.7
Installing ri documentation for faraday-cookie_jar-0.0.7
Parsing documentation for faraday_middleware-1.2.0
Installing ri documentation for faraday_middleware-1.2.0
Parsing documentation for fastimage-2.2.6
Installing ri documentation for fastimage-2.2.6
Parsing documentation for mini_magick-4.11.0
Installing ri documentation for mini_magick-4.11.0
Parsing documentation for naturally-2.2.1
Installing ri documentation for naturally-2.2.1
Parsing documentation for rubyzip-2.3.2
Installing ri documentation for rubyzip-2.3.2
Parsing documentation for security-0.1.3
Installing ri documentation for security-0.1.3
Parsing documentation for xcpretty-travis-formatter-1.0.1
Installing ri documentation for xcpretty-travis-formatter-1.0.1
Parsing documentation for dotenv-2.7.6
Installing ri documentation for dotenv-2.7.6
Parsing documentation for simctl-1.6.8
Installing ri documentation for simctl-1.6.8
Parsing documentation for jwt-2.4.1
Installing ri documentation for jwt-2.4.1
Parsing documentation for uber-0.1.0
Installing ri documentation for uber-0.1.0
Parsing documentation for declarative-0.0.20
Installing ri documentation for declarative-0.0.20
Parsing documentation for trailblazer-option-0.1.2
Installing ri documentation for trailblazer-option-0.1.2
Parsing documentation for representable-3.2.0
Installing ri documentation for representable-3.2.0
Parsing documentation for retriable-3.1.2
Installing ri documentation for retriable-3.1.2
Parsing documentation for mini_mime-1.1.2
Installing ri documentation for mini_mime-1.1.2
Parsing documentation for memoist-0.16.2
Installing ri documentation for memoist-0.16.2
Parsing documentation for multi_json-1.15.0
Installing ri documentation for multi_json-1.15.0
Parsing documentation for os-1.1.4
Installing ri documentation for os-1.1.4
Parsing documentation for signet-0.16.1
Installing ri documentation for signet-0.16.1
Parsing documentation for googleauth-1.1.3
Installing ri documentation for googleauth-1.1.3
Parsing documentation for google-apis-core-0.5.0
Installing ri documentation for google-apis-core-0.5.0
Parsing documentation for google-apis-playcustomapp_v1-0.7.0
Installing ri documentation for google-apis-playcustomapp_v1-0.7.0
Parsing documentation for google-apis-androidpublisher_v3-0.21.0
Installing ri documentation for google-apis-androidpublisher_v3-0.21.0
Parsing documentation for google-cloud-errors-1.2.0
Installing ri documentation for google-cloud-errors-1.2.0
Parsing documentation for google-cloud-env-1.6.0
Installing ri documentation for google-cloud-env-1.6.0
Parsing documentation for google-cloud-core-1.6.0
Installing ri documentation for google-cloud-core-1.6.0
Parsing documentation for google-apis-iamcredentials_v1-0.10.0
Installing ri documentation for google-apis-iamcredentials_v1-0.10.0
Parsing documentation for google-apis-storage_v1-0.14.0
Installing ri documentation for google-apis-storage_v1-0.14.0
Parsing documentation for digest-crc-0.6.4
Installing ri documentation for digest-crc-0.6.4
Parsing documentation for google-cloud-storage-1.36.2
Installing ri documentation for google-cloud-storage-1.36.2
Parsing documentation for emoji_regex-3.2.3
Installing ri documentation for emoji_regex-3.2.3
Parsing documentation for jmespath-1.6.1
Installing ri documentation for jmespath-1.6.1
Parsing documentation for aws-partitions-1.597.0
Installing ri documentation for aws-partitions-1.597.0
Parsing documentation for aws-eventstream-1.2.0
Installing ri documentation for aws-eventstream-1.2.0
Parsing documentation for aws-sigv4-1.5.0
Installing ri documentation for aws-sigv4-1.5.0
Parsing documentation for aws-sdk-core-3.131.1
Installing ri documentation for aws-sdk-core-3.131.1
Parsing documentation for aws-sdk-kms-1.57.0
Installing ri documentation for aws-sdk-kms-1.57.0
Parsing documentation for aws-sdk-s3-1.114.0
Installing ri documentation for aws-sdk-s3-1.114.0
Parsing documentation for fastlane-2.206.2
Installing ri documentation for fastlane-2.206.2
Done installing documentation for rouge, xcpretty, terminal-notifier, unicode-display_width, terminal-table, plist, multipart-post, word_wrap, optparse, tty-screen, tty-cursor, tty-spinner, artifactory, babosa, colored, highline, commander, excon, unf_ext, unf, domain_name, http-cookie, faraday-em_http, faraday-em_synchrony, faraday-excon, faraday-httpclient, faraday-multipart, faraday-net_http, faraday-net_http_persistent, faraday-patron, faraday-rack, faraday-retry, ruby2_keywords, faraday, faraday-cookie_jar, faraday_middleware, fastimage, mini_magick, naturally, rubyzip, security, xcpretty-travis-formatter, dotenv, simctl, jwt, uber, declarative, trailblazer-option, representable, retriable, mini_mime, memoist, multi_json, os, signet, googleauth, google-apis-core, google-apis-playcustomapp_v1, google-apis-androidpublisher_v3, google-cloud-errors, google-cloud-env, google-cloud-core, google-apis-iamcredentials_v1, google-apis-storage_v1, digest-crc, google-cloud-storage, emoji_regex, jmespath, aws-partitions, aws-eventstream, aws-sigv4, aws-sdk-core, aws-sdk-kms, aws-sdk-s3, fastlane after 63 seconds
75 gems installed
ken@Kens-MBP android % fastlane init
[âœ”] ðŸš€ 
[10:12:37]: Installing Ruby gem 'fastlane-plugin-flutter_version'...
Fetching fastlane-plugin-flutter_version-1.1.15.gem
[10:12:38]: Error loading plugin 'fastlane-plugin-flutter_version': You don't have write permissions for the /Library/Ruby/Gems/2.6.0 directory.
+------------------------+-----------+------------------+
|                     Used plugins                      |
+------------------------+-----------+------------------+
| Plugin                 | Version   | Action           |
+------------------------+-----------+------------------+
| fastlane-plugin-flutt  | undefined | No actions found |
| er_version             |           |                  |
+------------------------+-----------+------------------+

[!] No actions were found while loading one or more plugins
    Please use `bundle exec fastlane` with plugins
    More info - https://docs.fastlane.tools/plugins/using-plugins/#run-with-plugins

[10:12:38]: Sending anonymous analytics information
[10:12:38]: Learn more at https://docs.fastlane.tools/#metrics
[10:12:38]: No personal or sensitive data is sent.
[10:12:38]: You can disable this by adding `opt_out_usage` at the top of your Fastfile
[âœ”] Looking for iOS and Android projects in current directory...
[10:12:39]: Created new folder './fastlane'.
[10:12:39]: It looks like there is no iOS project in the current directory, though we did find one in a sub-directory
[10:12:39]: Please `cd` into the directory of the intended Xcode project you wish to use.

[!] Please `cd` into the directory of the intended Xcode project you wish to use and run `fastlane init` again
/System/Library/Frameworks/Ruby.framework/Versions/2.6/usr/lib/ruby/2.6.0/rubygems/version.rb:212:in `initialize': Malformed version number string undefined (ArgumentError)
	from /System/Library/Frameworks/Ruby.framework/Versions/2.6/usr/lib/ruby/2.6.0/rubygems/version.rb:203:in `new'
	from /System/Library/Frameworks/Ruby.framework/Versions/2.6/usr/lib/ruby/2.6.0/rubygems/version.rb:203:in `new'
	from /Library/Ruby/Gems/2.6.0/gems/fastlane-2.206.2/fastlane/lib/fastlane/plugins/plugin_update_manager.rb:29:in `block in show_update_status'
	from /Library/Ruby/Gems/2.6.0/gems/fastlane-2.206.2/fastlane/lib/fastlane/plugins/plugin_update_manager.rb:26:in `each'
	from /Library/Ruby/Gems/2.6.0/gems/fastlane-2.206.2/fastlane/lib/fastlane/plugins/plugin_update_manager.rb:26:in `show_update_status'
	from /Library/Ruby/Gems/2.6.0/gems/fastlane-2.206.2/fastlane/lib/fastlane/commands_generator.rb:45:in `ensure in start'
	from /Library/Ruby/Gems/2.6.0/gems/fastlane-2.206.2/fastlane/lib/fastlane/commands_generator.rb:55:in `start'
	from /Library/Ruby/Gems/2.6.0/gems/fastlane-2.206.2/fastlane/lib/fastlane/cli_tools_distributor.rb:123:in `take_off'
	from /Library/Ruby/Gems/2.6.0/gems/fastlane-2.206.2/bin/fastlane:23:in `<top (required)>'
	from /usr/local/bin/fastlane:23:in `load'
	from /usr/local/bin/fastlane:23:in `<main>'
/Library/Ruby/Gems/2.6.0/gems/fastlane-2.206.2/fastlane_core/lib/fastlane_core/ui/fastlane_runner.rb:315:in `abort':  (SystemExit)
[!] Please `cd` into the directory of the intended Xcode project you wish to use and run `fastlane init` again
	from /Library/Ruby/Gems/2.6.0/gems/fastlane-2.206.2/fastlane_core/lib/fastlane_core/ui/fastlane_runner.rb:315:in `display_user_error!'
	from /Library/Ruby/Gems/2.6.0/gems/fastlane-2.206.2/fastlane_core/lib/fastlane_core/ui/fastlane_runner.rb:220:in `rescue_fastlane_error'
	from /Library/Ruby/Gems/2.6.0/gems/fastlane-2.206.2/fastlane_core/lib/fastlane_core/ui/fastlane_runner.rb:171:in `rescue in run!'
	from /Library/Ruby/Gems/2.6.0/gems/fastlane-2.206.2/fastlane_core/lib/fastlane_core/ui/fastlane_runner.rb:128:in `run!'
	from /Library/Ruby/Gems/2.6.0/gems/commander-4.6.0/lib/commander/delegates.rb:18:in `run!'
	from /Library/Ruby/Gems/2.6.0/gems/fastlane-2.206.2/fastlane/lib/fastlane/commands_generator.rb:354:in `run'
	from /Library/Ruby/Gems/2.6.0/gems/fastlane-2.206.2/fastlane/lib/fastlane/commands_generator.rb:43:in `start'
	from /Library/Ruby/Gems/2.6.0/gems/fastlane-2.206.2/fastlane/lib/fastlane/cli_tools_distributor.rb:123:in `take_off'
	from /Library/Ruby/Gems/2.6.0/gems/fastlane-2.206.2/bin/fastlane:23:in `<top (required)>'
	from /usr/local/bin/fastlane:23:in `load'
	from /usr/local/bin/fastlane:23:in `<main>'
/Library/Ruby/Gems/2.6.0/gems/fastlane-2.206.2/fastlane_core/lib/fastlane_core/ui/interface.rb:141:in `user_error!': Please `cd` into the directory of the intended Xcode project you wish to use and run `fastlane init` again (FastlaneCore::Interface::FastlaneError)
	from /Library/Ruby/Gems/2.6.0/gems/fastlane-2.206.2/fastlane_core/lib/fastlane_core/ui/ui.rb:17:in `method_missing'
	from /Library/Ruby/Gems/2.6.0/gems/fastlane-2.206.2/fastlane/lib/fastlane/setup/setup.rb:97:in `start'
	from /Library/Ruby/Gems/2.6.0/gems/fastlane-2.206.2/fastlane/lib/fastlane/commands_generator.rb:123:in `block (2 levels) in run'
	from /Library/Ruby/Gems/2.6.0/gems/commander-4.6.0/lib/commander/command.rb:187:in `call'
	from /Library/Ruby/Gems/2.6.0/gems/commander-4.6.0/lib/commander/command.rb:157:in `run'
	from /Library/Ruby/Gems/2.6.0/gems/commander-4.6.0/lib/commander/runner.rb:444:in `run_active_command'
	from /Library/Ruby/Gems/2.6.0/gems/fastlane-2.206.2/fastlane_core/lib/fastlane_core/ui/fastlane_runner.rb:124:in `run!'
	from /Library/Ruby/Gems/2.6.0/gems/commander-4.6.0/lib/commander/delegates.rb:18:in `run!'
	from /Library/Ruby/Gems/2.6.0/gems/fastlane-2.206.2/fastlane/lib/fastlane/commands_generator.rb:354:in `run'
	from /Library/Ruby/Gems/2.6.0/gems/fastlane-2.206.2/fastlane/lib/fastlane/commands_generator.rb:43:in `start'
	from /Library/Ruby/Gems/2.6.0/gems/fastlane-2.206.2/fastlane/lib/fastlane/cli_tools_distributor.rb:123:in `take_off'
	from /Library/Ruby/Gems/2.6.0/gems/fastlane-2.206.2/bin/fastlane:23:in `<top (required)>'
	from /usr/local/bin/fastlane:23:in `load'
	from /usr/local/bin/fastlane:23:in `<main>'
ken@Kens-MBP android % cd ..
ken@Kens-MBP lessimp % bundle install                                
Could not locate Gemfile
ken@Kens-MBP lessimp % cd android 
ken@Kens-MBP android % bundle install
Using rake 13.0.6
Using rexml 3.2.5
Using CFPropertyList 3.0.5
Using public_suffix 4.0.7
Using addressable 2.8.0
Using artifactory 3.0.15
Using atomos 0.1.3
Using aws-eventstream 1.2.0
Using aws-partitions 1.597.0
Using aws-sigv4 1.5.0
Using jmespath 1.6.1
Using aws-sdk-core 3.131.1
Using aws-sdk-kms 1.57.0
Using aws-sdk-s3 1.114.0
Using babosa 1.0.4
Using bundler 2.3.15
Using claide 1.1.0
Using colored 1.2
Using colored2 3.1.2
Using highline 2.0.3
Using commander 4.6.0
Using declarative 0.0.20
Using digest-crc 0.6.4
Using unf_ext 0.0.8.2
Using unf 0.1.4
Using domain_name 0.5.20190701
Using dotenv 2.7.6
Using emoji_regex 3.2.3
Using excon 0.92.3
Using faraday-em_http 1.0.0
Using faraday-em_synchrony 1.0.0
Using faraday-excon 1.1.0
Using faraday-httpclient 1.0.1
Using multipart-post 2.0.0
Using faraday-multipart 1.0.4
Using faraday-net_http 1.0.1
Using faraday-net_http_persistent 1.2.0
Using faraday-patron 1.0.0
Using faraday-rack 1.0.0
Using faraday-retry 1.0.3
Using ruby2_keywords 0.0.5
Using faraday 1.10.0
Using http-cookie 1.0.5
Using faraday-cookie_jar 0.0.7
Using faraday_middleware 1.2.0
Using fastimage 2.2.6
Using gh_inspector 1.1.3
Using jwt 2.4.1
Using memoist 0.16.2
Using multi_json 1.15.0
Using os 1.1.4
Using signet 0.16.1
Using googleauth 1.1.3
Using httpclient 2.8.3
Using mini_mime 1.1.2
Using trailblazer-option 0.1.2
Using uber 0.1.0
Using representable 3.2.0
Using retriable 3.1.2
Using webrick 1.7.0
Using google-apis-core 0.5.0
Using google-apis-androidpublisher_v3 0.21.0
Using google-apis-playcustomapp_v1 0.7.0
Using google-apis-iamcredentials_v1 0.10.0
Using google-apis-storage_v1 0.14.0
Using google-cloud-env 1.6.0
Using google-cloud-errors 1.2.0
Using google-cloud-core 1.6.0
Using google-cloud-storage 1.36.2
Using json 2.6.2
Using mini_magick 4.11.0
Using naturally 2.2.1
Using optparse 0.1.1
Using plist 3.6.0
Using rubyzip 2.3.2
Using security 0.1.3
Using simctl 1.6.8
Using terminal-notifier 2.0.0
Using unicode-display_width 1.8.0
Using terminal-table 1.8.0
Using tty-screen 0.8.1
Using tty-cursor 0.7.1
Using tty-spinner 0.9.3
Using word_wrap 1.0.0
Using nanaimo 0.3.0
Using xcodeproj 1.21.0
Using rouge 2.0.7
Using xcpretty 0.3.0
Using xcpretty-travis-formatter 1.0.1
Using fastlane 2.206.2
Using fastlane-plugin-flutter_version 1.1.15 from https://github.com/tianhaoz95/fastlane-plugin-flutter-version
Bundle complete! 2 Gemfile dependencies, 91 gems now installed.
Bundled gems are installed into `./vendor/bundle`
ken@Kens-MBP android % fastlane init 
[âœ”] ðŸš€ 
[10:15:40]: Installing Ruby gem 'fastlane-plugin-flutter_version'...
[10:15:41]: Error loading plugin 'fastlane-plugin-flutter_version': You don't have write permissions for the /Library/Ruby/Gems/2.6.0 directory.
+---------------------------------+-----------+------------------+
|                          Used plugins                          |
+---------------------------------+-----------+------------------+
| Plugin                          | Version   | Action           |
+---------------------------------+-----------+------------------+
| fastlane-plugin-flutter_version | undefined | No actions found |
+---------------------------------+-----------+------------------+

[!] No actions were found while loading one or more plugins
    Please use `bundle exec fastlane` with plugins
    More info - https://docs.fastlane.tools/plugins/using-plugins/#run-with-plugins

[âœ”] Looking for iOS and Android projects in current directory...
[10:15:41]: It looks like there is no iOS project in the current directory, though we did find one in a sub-directory
[10:15:41]: Please `cd` into the directory of the intended Xcode project you wish to use.

[!] Please `cd` into the directory of the intended Xcode project you wish to use and run `fastlane init` again
/System/Library/Frameworks/Ruby.framework/Versions/2.6/usr/lib/ruby/2.6.0/rubygems/version.rb:212:in `initialize': Malformed version number string undefined (ArgumentError)
	from /System/Library/Frameworks/Ruby.framework/Versions/2.6/usr/lib/ruby/2.6.0/rubygems/version.rb:203:in `new'
	from /System/Library/Frameworks/Ruby.framework/Versions/2.6/usr/lib/ruby/2.6.0/rubygems/version.rb:203:in `new'
	from /Library/Ruby/Gems/2.6.0/gems/fastlane-2.206.2/fastlane/lib/fastlane/plugins/plugin_update_manager.rb:29:in `block in show_update_status'
	from /Library/Ruby/Gems/2.6.0/gems/fastlane-2.206.2/fastlane/lib/fastlane/plugins/plugin_update_manager.rb:26:in `each'
	from /Library/Ruby/Gems/2.6.0/gems/fastlane-2.206.2/fastlane/lib/fastlane/plugins/plugin_update_manager.rb:26:in `show_update_status'
	from /Library/Ruby/Gems/2.6.0/gems/fastlane-2.206.2/fastlane/lib/fastlane/commands_generator.rb:45:in `ensure in start'
	from /Library/Ruby/Gems/2.6.0/gems/fastlane-2.206.2/fastlane/lib/fastlane/commands_generator.rb:55:in `start'
	from /Library/Ruby/Gems/2.6.0/gems/fastlane-2.206.2/fastlane/lib/fastlane/cli_tools_distributor.rb:123:in `take_off'
	from /Library/Ruby/Gems/2.6.0/gems/fastlane-2.206.2/bin/fastlane:23:in `<top (required)>'
	from /usr/local/bin/fastlane:23:in `load'
	from /usr/local/bin/fastlane:23:in `<main>'
/Library/Ruby/Gems/2.6.0/gems/fastlane-2.206.2/fastlane_core/lib/fastlane_core/ui/fastlane_runner.rb:315:in `abort':  (SystemExit)
[!] Please `cd` into the directory of the intended Xcode project you wish to use and run `fastlane init` again
	from /Library/Ruby/Gems/2.6.0/gems/fastlane-2.206.2/fastlane_core/lib/fastlane_core/ui/fastlane_runner.rb:315:in `display_user_error!'
	from /Library/Ruby/Gems/2.6.0/gems/fastlane-2.206.2/fastlane_core/lib/fastlane_core/ui/fastlane_runner.rb:220:in `rescue_fastlane_error'
	from /Library/Ruby/Gems/2.6.0/gems/fastlane-2.206.2/fastlane_core/lib/fastlane_core/ui/fastlane_runner.rb:171:in `rescue in run!'
	from /Library/Ruby/Gems/2.6.0/gems/fastlane-2.206.2/fastlane_core/lib/fastlane_core/ui/fastlane_runner.rb:128:in `run!'
	from /Library/Ruby/Gems/2.6.0/gems/commander-4.6.0/lib/commander/delegates.rb:18:in `run!'
	from /Library/Ruby/Gems/2.6.0/gems/fastlane-2.206.2/fastlane/lib/fastlane/commands_generator.rb:354:in `run'
	from /Library/Ruby/Gems/2.6.0/gems/fastlane-2.206.2/fastlane/lib/fastlane/commands_generator.rb:43:in `start'
	from /Library/Ruby/Gems/2.6.0/gems/fastlane-2.206.2/fastlane/lib/fastlane/cli_tools_distributor.rb:123:in `take_off'
	from /Library/Ruby/Gems/2.6.0/gems/fastlane-2.206.2/bin/fastlane:23:in `<top (required)>'
	from /usr/local/bin/fastlane:23:in `load'
	from /usr/local/bin/fastlane:23:in `<main>'
/Library/Ruby/Gems/2.6.0/gems/fastlane-2.206.2/fastlane_core/lib/fastlane_core/ui/interface.rb:141:in `user_error!': Please `cd` into the directory of the intended Xcode project you wish to use and run `fastlane init` again (FastlaneCore::Interface::FastlaneError)
	from /Library/Ruby/Gems/2.6.0/gems/fastlane-2.206.2/fastlane_core/lib/fastlane_core/ui/ui.rb:17:in `method_missing'
	from /Library/Ruby/Gems/2.6.0/gems/fastlane-2.206.2/fastlane/lib/fastlane/setup/setup.rb:97:in `start'
	from /Library/Ruby/Gems/2.6.0/gems/fastlane-2.206.2/fastlane/lib/fastlane/commands_generator.rb:123:in `block (2 levels) in run'
	from /Library/Ruby/Gems/2.6.0/gems/commander-4.6.0/lib/commander/command.rb:187:in `call'
	from /Library/Ruby/Gems/2.6.0/gems/commander-4.6.0/lib/commander/command.rb:157:in `run'
	from /Library/Ruby/Gems/2.6.0/gems/commander-4.6.0/lib/commander/runner.rb:444:in `run_active_command'
	from /Library/Ruby/Gems/2.6.0/gems/fastlane-2.206.2/fastlane_core/lib/fastlane_core/ui/fastlane_runner.rb:124:in `run!'
	from /Library/Ruby/Gems/2.6.0/gems/commander-4.6.0/lib/commander/delegates.rb:18:in `run!'
	from /Library/Ruby/Gems/2.6.0/gems/fastlane-2.206.2/fastlane/lib/fastlane/commands_generator.rb:354:in `run'
	from /Library/Ruby/Gems/2.6.0/gems/fastlane-2.206.2/fastlane/lib/fastlane/commands_generator.rb:43:in `start'
	from /Library/Ruby/Gems/2.6.0/gems/fastlane-2.206.2/fastlane/lib/fastlane/cli_tools_distributor.rb:123:in `take_off'
	from /Library/Ruby/Gems/2.6.0/gems/fastlane-2.206.2/bin/fastlane:23:in `<top (required)>'
	from /usr/local/bin/fastlane:23:in `load'
	from /usr/local/bin/fastlane:23:in `<main>'
ken@Kens-MBP android % sudo gem install cocoapods -n /usr/local/bin
Password:
Successfully installed cocoapods-1.11.3
Parsing documentation for cocoapods-1.11.3
Done installing documentation for cocoapods after 2 seconds
1 gem installed
ken@Kens-MBP android % fastlane init                               
[âœ”] ðŸš€ 
[10:17:48]: Installing Ruby gem 'fastlane-plugin-flutter_version'...
[10:17:49]: Error loading plugin 'fastlane-plugin-flutter_version': You don't have write permissions for the /Library/Ruby/Gems/2.6.0 directory.
+---------------------------------+-----------+------------------+
|                          Used plugins                          |
+---------------------------------+-----------+------------------+
| Plugin                          | Version   | Action           |
+---------------------------------+-----------+------------------+
| fastlane-plugin-flutter_version | undefined | No actions found |
+---------------------------------+-----------+------------------+

[!] No actions were found while loading one or more plugins
    Please use `bundle exec fastlane` with plugins
    More info - https://docs.fastlane.tools/plugins/using-plugins/#run-with-plugins

[âœ”] Looking for iOS and Android projects in current directory...
[10:17:49]: It looks like there is no iOS project in the current directory, though we did find one in a sub-directory
[10:17:49]: Please `cd` into the directory of the intended Xcode project you wish to use.

[!] Please `cd` into the directory of the intended Xcode project you wish to use and run `fastlane init` again
/System/Library/Frameworks/Ruby.framework/Versions/2.6/usr/lib/ruby/2.6.0/rubygems/version.rb:212:in `initialize': Malformed version number string undefined (ArgumentError)
	from /System/Library/Frameworks/Ruby.framework/Versions/2.6/usr/lib/ruby/2.6.0/rubygems/version.rb:203:in `new'
	from /System/Library/Frameworks/Ruby.framework/Versions/2.6/usr/lib/ruby/2.6.0/rubygems/version.rb:203:in `new'
	from /Library/Ruby/Gems/2.6.0/gems/fastlane-2.206.2/fastlane/lib/fastlane/plugins/plugin_update_manager.rb:29:in `block in show_update_status'
	from /Library/Ruby/Gems/2.6.0/gems/fastlane-2.206.2/fastlane/lib/fastlane/plugins/plugin_update_manager.rb:26:in `each'
	from /Library/Ruby/Gems/2.6.0/gems/fastlane-2.206.2/fastlane/lib/fastlane/plugins/plugin_update_manager.rb:26:in `show_update_status'
	from /Library/Ruby/Gems/2.6.0/gems/fastlane-2.206.2/fastlane/lib/fastlane/commands_generator.rb:45:in `ensure in start'
	from /Library/Ruby/Gems/2.6.0/gems/fastlane-2.206.2/fastlane/lib/fastlane/commands_generator.rb:55:in `start'
	from /Library/Ruby/Gems/2.6.0/gems/fastlane-2.206.2/fastlane/lib/fastlane/cli_tools_distributor.rb:123:in `take_off'
	from /Library/Ruby/Gems/2.6.0/gems/fastlane-2.206.2/bin/fastlane:23:in `<top (required)>'
	from /usr/local/bin/fastlane:23:in `load'
	from /usr/local/bin/fastlane:23:in `<main>'
/Library/Ruby/Gems/2.6.0/gems/fastlane-2.206.2/fastlane_core/lib/fastlane_core/ui/fastlane_runner.rb:315:in `abort':  (SystemExit)
[!] Please `cd` into the directory of the intended Xcode project you wish to use and run `fastlane init` again
	from /Library/Ruby/Gems/2.6.0/gems/fastlane-2.206.2/fastlane_core/lib/fastlane_core/ui/fastlane_runner.rb:315:in `display_user_error!'
	from /Library/Ruby/Gems/2.6.0/gems/fastlane-2.206.2/fastlane_core/lib/fastlane_core/ui/fastlane_runner.rb:220:in `rescue_fastlane_error'
	from /Library/Ruby/Gems/2.6.0/gems/fastlane-2.206.2/fastlane_core/lib/fastlane_core/ui/fastlane_runner.rb:171:in `rescue in run!'
	from /Library/Ruby/Gems/2.6.0/gems/fastlane-2.206.2/fastlane_core/lib/fastlane_core/ui/fastlane_runner.rb:128:in `run!'
	from /Library/Ruby/Gems/2.6.0/gems/commander-4.6.0/lib/commander/delegates.rb:18:in `run!'
	from /Library/Ruby/Gems/2.6.0/gems/fastlane-2.206.2/fastlane/lib/fastlane/commands_generator.rb:354:in `run'
	from /Library/Ruby/Gems/2.6.0/gems/fastlane-2.206.2/fastlane/lib/fastlane/commands_generator.rb:43:in `start'
	from /Library/Ruby/Gems/2.6.0/gems/fastlane-2.206.2/fastlane/lib/fastlane/cli_tools_distributor.rb:123:in `take_off'
	from /Library/Ruby/Gems/2.6.0/gems/fastlane-2.206.2/bin/fastlane:23:in `<top (required)>'
	from /usr/local/bin/fastlane:23:in `load'
	from /usr/local/bin/fastlane:23:in `<main>'
/Library/Ruby/Gems/2.6.0/gems/fastlane-2.206.2/fastlane_core/lib/fastlane_core/ui/interface.rb:141:in `user_error!': Please `cd` into the directory of the intended Xcode project you wish to use and run `fastlane init` again (FastlaneCore::Interface::FastlaneError)
	from /Library/Ruby/Gems/2.6.0/gems/fastlane-2.206.2/fastlane_core/lib/fastlane_core/ui/ui.rb:17:in `method_missing'
	from /Library/Ruby/Gems/2.6.0/gems/fastlane-2.206.2/fastlane/lib/fastlane/setup/setup.rb:97:in `start'
	from /Library/Ruby/Gems/2.6.0/gems/fastlane-2.206.2/fastlane/lib/fastlane/commands_generator.rb:123:in `block (2 levels) in run'
	from /Library/Ruby/Gems/2.6.0/gems/commander-4.6.0/lib/commander/command.rb:187:in `call'
	from /Library/Ruby/Gems/2.6.0/gems/commander-4.6.0/lib/commander/command.rb:157:in `run'
	from /Library/Ruby/Gems/2.6.0/gems/commander-4.6.0/lib/commander/runner.rb:444:in `run_active_command'
	from /Library/Ruby/Gems/2.6.0/gems/fastlane-2.206.2/fastlane_core/lib/fastlane_core/ui/fastlane_runner.rb:124:in `run!'
	from /Library/Ruby/Gems/2.6.0/gems/commander-4.6.0/lib/commander/delegates.rb:18:in `run!'
	from /Library/Ruby/Gems/2.6.0/gems/fastlane-2.206.2/fastlane/lib/fastlane/commands_generator.rb:354:in `run'
	from /Library/Ruby/Gems/2.6.0/gems/fastlane-2.206.2/fastlane/lib/fastlane/commands_generator.rb:43:in `start'
	from /Library/Ruby/Gems/2.6.0/gems/fastlane-2.206.2/fastlane/lib/fastlane/cli_tools_distributor.rb:123:in `take_off'
	from /Library/Ruby/Gems/2.6.0/gems/fastlane-2.206.2/bin/fastlane:23:in `<top (required)>'
	from /usr/local/bin/fastlane:23:in `load'
	from /usr/local/bin/fastlane:23:in `<main>'
ken@Kens-MBP android % which pod
/usr/local/bin/pod
ken@Kens-MBP android % sudo gem install cocoapods --pre -n /usr/local/bin
Successfully installed cocoapods-1.11.3
Parsing documentation for cocoapods-1.11.3
Done installing documentation for cocoapods after 2 seconds
1 gem installed
ken@Kens-MBP android % sudo gem update --system -n /usr/local/bin
Updating rubygems-update
Fetching rubygems-update-3.3.15.gem
Successfully installed rubygems-update-3.3.15
Parsing documentation for rubygems-update-3.3.15
Installing ri documentation for rubygems-update-3.3.15
Installing darkfish documentation for rubygems-update-3.3.15
Done installing documentation for rubygems-update after 251 seconds
Parsing documentation for rubygems-update-3.3.15
Done installing documentation for rubygems-update after 0 seconds
Installing RubyGems 3.3.15
ERROR:  While executing gem ... (Errno::EPERM)
    Operation not permitted @ rb_sysopen - /System/Library/Frameworks/Ruby.framework/Versions/2.6/usr/bin/gem
ken@Kens-MBP android % sudo gem install -n /usr/local/bin cocoapods
Password:
Fetching rexml-3.2.5.gem
Fetching colored2-3.1.2.gem
Fetching claide-1.1.0.gem
Fetching xcodeproj-1.21.0.gem
Fetching ruby-macho-2.5.1.gem
Fetching nanaimo-0.3.0.gem
Fetching atomos-0.1.3.gem
Fetching nap-1.1.0.gem
Fetching molinillo-0.8.0.gem
Fetching gh_inspector-1.1.3.gem
Fetching fourflusher-2.3.1.gem
Fetching escape-0.0.4.gem
Fetching cocoapods-try-1.2.0.gem
Fetching netrc-0.11.0.gem
Fetching cocoapods-trunk-1.6.0.gem
Fetching cocoapods-search-1.0.1.gem
Fetching cocoapods-plugins-1.0.0.gem
Fetching cocoapods-downloader-1.6.3.gem
Fetching cocoapods-deintegrate-1.0.5.gem
Fetching ffi-1.15.5.gem
Fetching ethon-0.15.0.gem
Fetching typhoeus-1.4.0.gem
Fetching public_suffix-4.0.7.gem
Fetching fuzzy_match-2.0.4.gem
Fetching concurrent-ruby-1.1.10.gem
Fetching json-2.6.2.gem
Fetching httpclient-2.8.3.gem
Fetching algoliasearch-1.27.5.gem
Fetching addressable-2.8.0.gem
Fetching zeitwerk-2.5.4.gem
Fetching tzinfo-2.0.4.gem
Fetching minitest-5.15.0.gem
Fetching cocoapods-1.11.3.gem
Fetching i18n-1.10.0.gem
Fetching activesupport-6.1.6.gem
Fetching cocoapods-core-1.11.3.gem
ERROR:  While executing gem ... (Gem::FilePermissionError)
    You don't have write permissions for the /System/Library/Frameworks/Ruby.framework/Versions/2.6/usr/lib/ruby/gems/2.6.0 directory.
ken@Kens-MBP android % bash < <( curl http://rvm.beginrescueend.com/releases/rvm-install-head )
  % Total    % Received % Xferd  Average Speed   Time    Time     Time  Current
                                 Dload  Upload   Total   Spent    Left  Speed
100   315  100   315    0     0   1949      0 --:--:-- --:--:-- --:--:--  2045
bash: line 1: syntax error near unexpected token `newline'
bash: line 1: `<!DOCTYPE HTML PUBLIC "-//IETF//DTD HTML 2.0//EN">'
ken@Kens-MBP android % rvm install ruby-head
zsh: command not found: rvm
ken@Kens-MBP android % gem update --system
Latest version already installed. Done.
ken@Kens-MBP android % gem install rails --pre
Fetching rack-2.2.3.1.gem
Fetching sprockets-4.0.3.gem
Fetching crass-1.0.6.gem
Fetching loofah-2.18.0.gem
Fetching rails-html-sanitizer-1.4.2.gem
Fetching rails-dom-testing-2.0.3.gem
Fetching rack-test-1.1.0.gem
Fetching erubi-1.10.0.gem
Fetching builder-3.2.4.gem
Fetching actionview-6.1.6.gem
Fetching actionpack-6.1.6.gem
Fetching sprockets-rails-3.4.2.gem
Fetching thor-1.2.1.gem
Fetching rake-13.0.6.gem
Fetching method_source-1.0.0.gem
Fetching railties-6.1.6.gem
Fetching mini_mime-1.1.2.gem
Fetching marcel-1.0.2.gem
Fetching activemodel-6.1.6.gem
Fetching activerecord-6.1.6.gem
Fetching globalid-1.0.0.gem
Fetching activejob-6.1.6.gem
Fetching activestorage-6.1.6.gem
Fetching actiontext-6.1.6.gem
Fetching timeout-0.3.0.gem
Fetching net-protocol-0.1.3.gem
Fetching digest-3.1.0.gem
Fetching net-smtp-0.3.1.gem
Fetching net-pop-0.1.1.gem
Fetching strscan-3.0.3.gem
Fetching net-imap-0.2.3.gem
Fetching mail-2.8.0.rc1.gem
Fetching rails-6.1.6.gem
Fetching actionmailer-6.1.6.gem
Fetching actionmailbox-6.1.6.gem
Fetching websocket-extensions-0.1.5.gem
Fetching websocket-driver-0.7.5.gem
Fetching nio4r-2.5.8.gem
Fetching actioncable-6.1.6.gem
ERROR:  While executing gem ... (Gem::FilePermissionError)
    You don't have write permissions for the /System/Library/Frameworks/Ruby.framework/Versions/2.6/usr/lib/ruby/gems/2.6.0 directory.
ken@Kens-MBP android % gem env
RubyGems Environment:
  - RUBYGEMS VERSION: 3.3.15
  - RUBY VERSION: 2.6.8 (2021-07-07 patchlevel 205) [universal.x86_64-darwin21]
  - INSTALLATION DIRECTORY: /System/Library/Frameworks/Ruby.framework/Versions/2.6/usr/lib/ruby/gems/2.6.0
  - USER INSTALLATION DIRECTORY: /Users/ken/.gem/ruby/2.6.0
  - RUBY EXECUTABLE: /System/Library/Frameworks/Ruby.framework/Versions/2.6/usr/bin/ruby
  - GIT EXECUTABLE: /usr/bin/git
  - EXECUTABLE DIRECTORY: /System/Library/Frameworks/Ruby.framework/Versions/2.6/usr/bin
  - SPEC CACHE DIRECTORY: /Users/ken/.gem/specs
  - SYSTEM CONFIGURATION DIRECTORY: /Library/Ruby/Site
  - RUBYGEMS PLATFORMS:
     - ruby
     - universal-darwin-21
  - GEM PATHS:
     - /System/Library/Frameworks/Ruby.framework/Versions/2.6/usr/lib/ruby/gems/2.6.0
     - /Users/ken/.gem/ruby/2.6.0
  - GEM CONFIGURATION:
     - :update_sources => true
     - :verbose => true
     - :backtrace => false
     - :bulk_threshold => 1000
  - REMOTE SOURCES:
     - https://rubygems.org/
  - SHELL PATH:
     - /usr/local/bin
     - /usr/bin
     - /bin
     - /usr/sbin
     - /sbin
     - /Library/Apple/usr/bin
     - /Users/ken/development/flutter/bin
ken@Kens-MBP android % echo $PATH
/usr/local/bin:/usr/bin:/bin:/usr/sbin:/sbin:/Library/Apple/usr/bin:/Users/ken/development/flutter/bin
ken@Kens-MBP android % which gem
/usr/bin/gem
ken@Kens-MBP android % which ruby
/usr/bin/ruby
ken@Kens-MBP android % sudo gem install tzinfo builder memcache-client rack rack-test rack-mount \
  abstract erubis activesupport mime-types mail text-hyphen text-format   \
  thor i18n rake bundler arel railties rails --prerelease --force
Password:
ERROR:  While executing gem ... (Gem::FilePermissionError)
    You don't have write permissions for the /System/Library/Frameworks/Ruby.framework/Versions/2.6/usr/lib/ruby/gems/2.6.0 directory.
ken@Kens-MBP android % rvm use system                                                             
zsh: command not found: rvm
ken@Kens-MBP android % curl -L --create-dirs -o ~/.config/fish/functions/rvm.fish https://raw.github.com/lunks/fish-nuggets/master/functions/rvm.fish
  % Total    % Received % Xferd  Average Speed   Time    Time     Time  Current
                                 Dload  Upload   Total   Spent    Left  Speed
  0     0    0     0    0     0      0      0 --:--:-- --:--:-- --:--:--     0
100  1736  100  1736    0     0   3792      0 --:--:-- --:--:-- --:--:--  9644
ken@Kens-MBP android % echo "rvm default" >> ~/.config/fish/config.fish
ken@Kens-MBP android % rvm use system                                                                                                                
zsh: command not found: rvm
ken@Kens-MBP android % rvm-install
zsh: command not found: rvm-install
ken@Kens-MBP android % 
